acpi
aquamarine
arch-install-scripts
base
base-devel
brightnessctl
btop
btrfs-progs
cups-pdf
dbxtool
dconf-editor
dkms
dmidecode
dosfstools
dunst
efibootmgr
eog
evince
eza
fastfetch
ffnvcodec-headers
file-roller
firejail
firetools
fish
font-manager
foot
fuzzel
fwupd
gimp
git
gmtp
gnome-calculator
gnome-disk-utility
gnome-text-editor
gparted
grim
grub
grub-btrfs
gst-plugin-pipewire
gtk2
gufw
hdparm
htop
hyprcursor
hyprgraphics
hypridle
hyprland
hyprland-qtutils
hyprlang
hyprlock
intel-ucode
inxi
iw
iwd
jdk-openjdk
less
libeatmydata
libpulse
libreoffice-fresh
libva-utils
linux
linux-firmware
linux-firmware-qlogic
linux-headers
ly
man-db
mpv
mtools
nano
nano-syntax-highlighting
ncdu
nemo
network-manager-applet
networkmanager
nmap
numlockx
nvidia-dkms
nvidia-utils
nwg-look
pamixer
pavucontrol
pipewire
pipewire-alsa
pipewire-jack
pipewire-pulse
plocate
polkit-kde-agent
power-profiles-daemon
python-pip
qt5-wayland
qt5ct
qt6-wayland
qt6ct
ranger
reflector
ripgrep
rsync
slurp
smartmontools
sof-firmware
stow
swaybg
swaync
timeshift
ttf-font-awesome
ttf-jetbrains-mono-nerd
ufw
usbutils
uwsm
vim
vlc
waybar
wget
wireless_tools
wireplumber
wlroots
wofi
xdg-desktop-portal-gtk
xdg-desktop-portal-hyprland
xdg-user-dirs
yt-dlp
zram-generator
