aquamarine
arc-gtk-theme
base
base-devel
blueman
btop
btrfs-progs
cups-pdf
dconf-editor
dkms
dunst
efibootmgr
eog
evince
eza
fastfetch
file-roller
firefox
fish
font-manager
foot
fuzzel
gimp
git
gmtp
gnome-disk-utility
gnome-text-editor
gparted
grim
grub
grub-btrfs
gst-plugin-pipewire
gufw
hdparm
htop
hyprcursor
hyprgraphics
hypridle
hyprland
hyprland-qtutils
hyprlang
hyprlock
intel-ucode
iwd
jdk-openjdk
libpulse
libreoffice-fresh
linux
linux-firmware
linux-firmware-qlogic
linux-headers
ly
mtools
nano
ncdu
nemo
network-manager-applet
networkmanager
numlockx
nvidia-dkms
nvidia-utils
pamixer
pavucontrol
pipewire
pipewire-alsa
pipewire-jack
pipewire-pulse
plocate
polkit-kde-agent
power-profiles-daemon
python-pip
qt5-wayland
qt6-wayland
ranger
reflector
ripgrep
rsync
slurp
smartmontools
sof-firmware
stow
swaybg
swaync
timeshift
ttf-font-awesome
ttf-jetbrains-mono-nerd
ttf-ubuntu-font-family
tumbler
ufw
uwsm
vim
vlc
waybar
wget
wireless_tools
wireplumber
wofi
xdg-desktop-portal-gtk
xdg-desktop-portal-hyprland
xdg-user-dirs
xorg-server
xorg-xinit
yt-dlp
zram-generator
