acpi
aquamarine
arch-install-scripts
base
base-devel
brightnessctl
btop
cups
cups-pdf
dbxtool
dconf-editor
dmidecode
dosfstools
dpkg
efibootmgr
eog
evince
eza
fastfetch
file-roller
firejail
firetools
fish
font-manager
foot
fuzzel
fwupd
gimp
git
gmtp
gnome-calculator
gnome-disk-utility
gnome-text-editor
gparted
grim
grub
gst-plugin-pipewire
gufw
gvfs-mtp
hdparm
htop
hyprcursor
hyprgraphics
hypridle
hyprland
hyprland-protocols
hyprlock
imagemagick
inotify-tools
intel-ucode
inxi
iw
iwd
jdk-openjdk
kanshi
keepassxc
less
lib32-nvidia-utils
lib32-opencl-nvidia
libeatmydata
libreoffice-fresh
linux
linux-firmware
linux-headers
ly
man-db
mpv
mtools
nano
nano-syntax-highlighting
ncdu
nemo
network-manager-applet
networkmanager
nmap
nss-mdns
nvidia-dkms
nvidia-utils
nwg-look
opencl-nvidia
pacman-contrib
pamixer
pavucontrol
pipewire-alsa
pipewire-jack
pipewire-pulse
plocate
power-profiles-daemon
python-pip
qt5-wayland
qt5ct
qt6ct
ranger
reflector
ripgrep
rsync
simple-scan
slurp
smartmontools
stow
swaybg
swaync
timeshift
ttf-font-awesome
ttf-jetbrains-mono-nerd
usbutils
uwsm
vim
waybar
wget
wireless_tools
wpa_supplicant
xdg-desktop-portal-gtk
xdg-desktop-portal-hyprland
xdg-user-dirs
yt-dlp
