acpi
arc-gtk-theme
arch-install-scripts
base
base-devel
brightnessctl
btop
btrfs-progs
cups-pdf
darktable
dbxtool
dconf-editor
dmidecode
dosfstools
dpkg
efibootmgr
eog
evince
eza
fastfetch
file-roller
firefox
firejail
firetools
fish
font-manager
foot
fuzzel
fwupd
gimp
gmtp
gnome-calculator
gnome-disk-utility
gnome-text-editor
gparted
grub
grub-btrfs
gst-plugin-pipewire
gufw
hdparm
hostapd
htop
hwinfo
hypridle
hyprland
hyprland-qtutils
hyprlock
hyprutils
imagemagick
inotify-tools
intel-ucode
inxi
iw
iwd
jdk-openjdk
kanshi
less
libreoffice-fresh
libva-nvidia-driver
linux
linux-firmware
linux-firmware-qlogic
linux-headers
ly
man-db
mtools
nano
ncdu
nemo
network-manager-applet
networkmanager
nmap
nvidia-dkms
nvidia-settings
nvidia-utils
nwg-look
pacman-contrib
pamixer
pavucontrol
pipewire-alsa
pipewire-jack
pipewire-pulse
plocate
power-profiles-daemon
python-pip
qt5-wayland
qt5ct
qt6-wayland
ranger
reflector
ripgrep
simple-scan
smartmontools
sof-firmware
stow
swaybg
swaync
timeshift
ttf-font-awesome
ttf-jetbrains-mono-nerd
ufw
usbutils
uwsm
vim
virtualbox
virtualbox-ext-vnc
virtualbox-guest-iso
virtualbox-guest-utils
virtualbox-host-modules-arch
vlc
vulkan-intel
waybar
wget
wine
wine-gecko
wine-mono
winetricks
wireless_tools
xdg-desktop-portal-gtk
xdg-desktop-portal-hyprland
xdg-user-dirs
yt-dlp
zram-generator
