
acpi
acpid
arch-install-scripts
base
base-devel
brightnessctl
btop
cups
cups-pdf
dbxtool
dconf-editor
dhcp
dkms
dmidecode
dosfstools
dpkg
eog
evince
eza
fastfetch
file-roller
firejail
fish
font-manager
foot
fuzzel
fwupd
gimp
git
gnome-calculator
gnome-disk-utility
gnome-text-editor
gparted
grim
gst-plugin-pipewire
gufw
gvfs-mtp
htop
hypridle
hyprland
imagemagick
inotify-tools
intel-ucode
iw
iwd
jdk-openjdk
less
libeatmydata
libpulse
libreoffice-fresh
linux
linux-firmware
linux-headers
ly
mpv
mtools
nano
nano-syntax-highlighting
ncdu
nemo
net-tools
networkmanager
network-manager-applet
nss-mdns
nwg-look
pacman-contrib
pamixer
pavucontrol
pipewire
pipewire-alsa
pipewire-jack
pipewire-pulse
plocate
power-profiles-daemon
python-pip
qt5ct
qt5-wayland
qt6ct
qt6-wayland
ranger
reflector
ripgrep
rsync
simple-scan
slurp
smartmontools
sof-firmware
stow
swaybg
swaync
systemd-resolvconf
timeshift
ttf-font-awesome
ttf-jetbrains-mono-nerd
usb_modeswitch
usbutils
vim
waybar
wget
wireless_tools
wireplumber
xdg-desktop-portal-gtk
xdg-desktop-portal-hyprland
xdg-user-dirs
xdg-utils
xorg-server
xorg-xinit
yt-dlp
