lst=(
xdg-desktop-portal-gtk 
xdg-desktop-portal-hyprland 
aquamarine 
hyprcursor 
hyprgraphics 
hypridle 
hyprland 
hyprland-protocols 
hyprland-qt-support 
hyprland-qtutils 
hyprlang 
hyprlock 
hyprutils
hyprwayland-scanner

acpi
arc-gtk-theme
arch-install-scripts
avahi
brightnessctl
btop
cups
cups-pdf
dbxtool
dmidecode
dosfstools
egl-wayland
eog
evince
eza
fastfetch
file-roller
firejail
firetools
fish
foot
fuzzel
fwupd
git
gmtp
gnome-calculator
gnome-disk-utility
gnome-text-editor
gparted
grim
gst-plugin-pipewire
gufw
gvfs
gvfs-mtp
hdparm
htop
imagemagick
inotify-tools
intel-ucode
inxi
iw
iwd
less
libpulse
ly
man-db
mesa
mtools
nano
ncdu
nemo
networkmanager
network-manager-applet
nmap
pacman-contrib
pamixer
pavucontrol
plocate
power-profiles-daemon
python-pip
qt5-wayland
qt5ct
qt6-wayland
qt6ct
ranger
reflector
ripgrep
rsync
slurp
smartmontools
stow
swaybg
swaync
timeshift
ttf-font-awesome
ttf-jetbrains-mono-nerd
ufw
usbutils
uwsm
vim
vlc
waybar
wget
wireless_tools
wireplumber
xdg-user-dirs
xdg-utils
yt-dlp
nano-syntax-highlighting
nwg-look
jdk-openjdk
font-manager
dconf-editor
jdk-openjdk
libreoffice-fresh
gimp
simple-scan

)

plst=(
kanshi
zram-generator

)
